+-----+-------------------+--------+-----+------+------+----+----+----+--------+----+
| POS |       TEAM        | PLAYED | WON | DRAW | LOST | +  | -  | GD | POINTS |    |
+-----+-------------------+--------+-----+------+------+----+----+----+--------+----+
|  [1;37m1[0m  | [1;37mFC Bayern MÃ¼nchen[0m |   [1;37m31[0m   | [1;37m24[0m  |  [1;37m3[0m   |  [1;37m4[0m   | [1;37m92[0m | [1;37m30[0m | [1;37m62[0m |   [1;37m75[0m   |
|  2  | Borussia Dortmund |   31   | 20  |  3   |  8   | 77 | 46 | 31 |   63   |
|  3  | Bayer Leverkusen  |   31   | 16  |  7   |  8   | 72 | 44 | 28 |   55   |
|   4 | RB Leipzig        |     31 |  19 |   16 |    6 |  9 | 66 | 33 |     33 | 54 |
+-----+-------------------+--------+-----+------+------+----+----+----+--------+----+
