+-----------------------+-----------------------+------------------------+---+---+------------------------+
|         DATE          |      COMPETITION      |          HOME          |   |   |          AWAY          |
+-----------------------+-----------------------+------------------------+---+---+------------------------+
| 2022 Apr 02 Sat 12:30 | Premier League        | Liverpool FC           | 2 | 0 | Watford FC             |
| 2022 Apr 05 Tue 20:00 | UEFA Champions League | Sport Lisboa e Benfica | 1 | 3 | Liverpool FC           |
| 2022 Apr 10 Sun 16:30 | Premier League        | Manchester City FC     | 2 | 2 | Liverpool FC           |
| 2022 Apr 13 Wed 20:00 | UEFA Champions League | Liverpool FC           | 3 | 3 | Sport Lisboa e Benfica |
| 2022 Apr 19 Tue 20:00 | Premier League        | Liverpool FC           | 4 | 0 | Manchester United FC   |
| 2022 Apr 24 Sun 16:30 | Premier League        | Liverpool FC           | 2 | 0 | Everton FC             |
| 2022 Apr 27 Wed 20:00 | UEFA Champions League | Liverpool FC           | 2 | 0 | Villarreal CF          |
+-----------------------+-----------------------+------------------------+---+---+------------------------+
